=== TEST 2: Modo Split con Perfil Complejo ===
=== TEST 3: Modo Unified - Combinando Multiples Perfiles ===
=== TEST 4: Con Name Mapping Personalizado ===
=== TEST 5: Modo Dry-Run - Vista Previa Sin Generar Archivos ===
=== TEST 6: Test de Rendimiento - Muchos Perfiles ===
Tiempo de ejecucion: 304.38ms para modo split con perfiles originales
=== TEST 7: Casos Edge - Carpeta Vacia y Errores ===
=== TEST 8: Test Comprehensivo Final - Todos los Modos ===
